[www.cvent.com/index.html]
[cdn.cookielaw.org/scripttemplates/otSDKStub.js]
[backblue.gif]
[fade.gif]
[index.html]
[assets.adobedtm.com/f7740e1036fc/4cf0f823d8af/launch-625595ac1b15.min.js]
[www.cvent.com/de.html]
[www.cvent.com/ae.html]
[www.cvent.com/au.html]
[www.cvent.com/uk.html]
[www.cvent.com/sg.html]
[www.cvent.com/in.html]
[www.cvent.com/themes/custom/themekit/css/fonts.css]
[hello.cvent.com/js/forms2/js/forms2.min.js]
[www.google.com/recaptcha/api.js]
[www.cvent.com/themes/custom/themekit/images/favicon/apple-touch-icon.png]
[www.cvent.com/themes/custom/themekit/images/favicon/favicon-32x32.png]
[www.cvent.com/themes/custom/themekit/images/favicon/favicon-16x16.png]
[www.cvent.com/themes/custom/themekit/images/favicon/favicon.ico]
[www.cvent.com/sites/default/files/css/css_KwdcNaEPQ7Aran69SVfkKo9vQNnyHaU0Axhz4TwjrZg.css]
[www.cvent.com/sites/default/files/js/js_vjrewt9Ub_VdOnWG7fQvzLvZnbEPsJs5UlnSApFDVF0.js]
[www.cvent.com/sites/default/files/css/css__7vDVGqAwUcPUdAZsr8dVJtT8oyUlY-DyXJiEJZ-wCA.css]
[cdn.optimizely.com/js/96642877.js]
[www.cvent.com/sites/default/files/js/js_oBA4lBLTk9y5ar__lfKB5LuqICVvgV4G5b7szW8WC-8.js]
[cdn.bizible.com/scripts/bizible.js]
[www.google.com/recaptcha/apif6ca.js]
[www.cvent.com/sites/default/files/js/js_2KlXA4Z5El1IQFVPxDN1aX5mIoMSFWGv3vwsP77K9yk.js]
[www.cvent.com/en/event-marketing-management/solutions.html]
[www.cvent.com/en/event-marketing-management/in-person-event-platform.html]
[www.cvent.com/en/event-marketing-management/hybrid-event-platform.html]
[www.cvent.com/en/event-marketing-management/virtual-event-platform.html]
[www.cvent.com/en/event-marketing-management/webinar-platform.html]
[www.cvent.com/en/event-marketing-management/conference-management.html]
[www.cvent.com/en/event-marketing-management/sales-kickoff-events.html]
[www.cvent.com/en/event-marketing-management/trade-show-solutions.html]
[www.cvent.com/en/planner-solutions.html]
[www.cvent.com/en/association-solutions.html]
[www.cvent.com/en/financial-services-solutions.html]
[www.cvent.com/en/education-solutions.html]
[www.cvent.com/en/life-sciences-solutions.html]
[www.cvent.com/en/enterprise/high-tech.html]
[www.cvent.com/en/event-marketing-platform.html]
[www.cvent.com/en/event-management-software.html]
[www.cvent.com/en/travel-manager.html]
[www.cvent.com/en/products.html]
[www.cvent.com/en/event-marketing-management.html]
[www.cvent.com/en/event-marketing-management/plan-promote.html]
[www.cvent.com/en/supplier-network/cvent-supplier-network-planner-overview.html]
[www.cvent.com/en/event-marketing-management/event-registration-software.html]
[www.cvent.com/en/abstract-management-software.html]
[www.cvent.com/en/event-marketing-management/exhibitor-management.html]
[www.cvent.com/en/event-marketing-management/engage.html]
[www.cvent.com/en/event-marketing-management/attendee-hub.html]
[www.cvent.com/en/event-marketing-management/appointments.html]
[www.cvent.com/en/onsite-solutions/mobile-event-apps.html]
[www.cvent.com/en/event-marketing-management/onsite-solutions.html]
[www.cvent.com/en/event-marketing-management/spend-workflow.html]
[www.cvent.com/en/strategic-meetings-management.html]
[www.cvent.com/en/event-management-software/event-budget-management.html]
[www.cvent.com/en/cvent-access-portal.html]
[www.cvent.com/en/event-marketing-management/insights.html]
[www.cvent.com/en/event-management-software/cvent-integrations.html]
[www.cvent.com/en/event-marketing-management/online-survey-software.html]
[www.cvent.com/en/event-marketing-management/engagement-score.html]
[www.cvent.com/en/exchange.html]
[www.cvent.com/en/event-marketing-management/vendor-marketplace.html]
[www.cvent.com/en/event-marketing-management/cvent-event-design-software.html]
[www.cvent.com/en/event-management-software/passkey-room-block-management.html]
[www.cvent.com/en/event-marketing-management/corporate-travel-management.html]
[www.cvent.com/microsites/source-safely/source-safely-resource-hub.html]
[www.cvent.com/en/supplier-venue.html]
[www.cvent.com/en/supplier-venue/group-marketing-solutions.html]
[www.cvent.com/en/supplier-venue/advertising.html]
[www.cvent.com/en/supplier-venue/website-solutions.html]
[www.cvent.com/en/supplier-venue/group-sales-solutions.html]
[www.cvent.com/en/supplier-venue/rfp-management.html]
[www.cvent.com/en/supplier-venue/hotel-business-intelligence.html]
[www.cvent.com/en/supplier-venue/instant-book.html]
[www.cvent.com/en/supplier-venue/group-operations-solutions.html]
[www.cvent.com/en/supplier-venue/event-diagramming-software.html]
[www.cvent.com/en/supplier-venue/passkey.html]
[www.cvent.com/en/supplier-venue/business-travel-solutions.html]
[www.cvent.com/en/supplier-venue/business-transient.html]
[www.cvent.com/en/resourcesd17e.html]
[www.cvent.com/en/hospitality-cloud/cvent-source.html]
[www.cvent.com/en/resources.html]
[www.cvent.com/en/blog.html]
[www.cvent.com/en/case-studies.html]
[www.cvent.com/en/live-events-calendar.html]
[www.cvent.com/en/upcoming-webinars4c40.html]
[www.cvent.com/en/case-studiesbdcd.html]
[www.cvent.com/en/we-heart-cvent-advocates.html]
[www.cvent.com/en/support/event-services.html]
[www.cvent.com/en/academy.html]
[www.cvent.com/en/cvent-certification.html]
[www.cvent.com/en/contact/support.html]
[www.cvent.com/en/supplier-venue/customer-resources.html]
[www.cvent.com/en/cvent-difference.html]
[www.cvent.com/en/company-overview.html]
[www.cvent.com/en/contact-us.html]
[www.cvent.com/en/become-partner.html]
[www.cvent.com/en/security.html]
[www.cvent.com/en/request-demo.html]
[www.cvent.com/venues.html]
[www.cvent.com/en/event-marketing-management/virtual-event-platform-archive.html]
[www.cvent.com/en/event-marketing-management/hybrid-event-platform-archived.html]
[www.cvent.com/en/corporate-solutions.html]
[www.cvent.com/en/government-solutions.html]
[www.cvent.com/en/non-profit-solutions.html]
[www.cvent.com/en/enterprise.html]
[www.cvent.com/microsites/source-safely/index.html]
[www.cvent.com/en/meetthemoment.html]
[www.cvent.com/en/supplier-venue/general-manager.html]
[www.cvent.com/en/supplier-venue/operations-director.html]
[www.cvent.com/en/supplier-venue/ownership-group-executive.html]
[www.cvent.com/en/supplier-venue/marketing-director.html]
[www.cvent.com/en/supplier-venue/revenue-management-director.html]
[www.cvent.com/en/supplier-venue/sales-marketing-director.html]
[www.cvent.com/en/supplier-venue/cvb-dmo-executive.html]
[www.cvent.com/en/supplier-venue/event-venue-technology.html]
[www.cvent.com/en/supplier-venue/hotel-management-company-executive.html]
[www.cvent.com/en/group-solutions-hotels.html]
[www.cvent.com/en/our-customers.html]
[cdn.vidyard.com/thumbnails/24698213/0lniBvZ9JGI9WWbeuOt82w_play_button_small.png]
[www.cvent.com/en/event-marketing-management/onarrival-event-check-in-software.html]
[www.cvent.com/en/success-story/event-cloud/siemens.html]
[www.cvent.com/en/success-story/olympus-corporation-americas.html]
[www.cvent.com/en/success-story/kaiser-permanente.html]
[www.cvent.com/en/success-story/event-cloud/bbyo.html]
[www.cvent.com/en/success-story/event-cloud/fis.html]
[cdn.vidyard.com/thumbnails/14059232/HigTZia6awCYJAjJ0GfTeA.jpg]
[www.cvent.com/en/cvent-connect-on-demand-sessions.html]
[www.cvent.com/en/blog/events/virtual-events.html]
[www.cvent.com/en/blog/events/hybrid-events-what-you-need-know.html]
[www.cvent.com/en/event-management-software/free-trial.html]
[www.cvent.com/en/privacy-policy.html]
[www.cvent.com/en/get-in-touch-thank-you.html]
[www.cvent.com/en/podcast.html]
[www.cvent.com/en/accessibility.html]
[www.cvent.com/en/awards.html]
[www.cvent.com/en/company/legal.html]
[www.cvent.com/en/management-team.html]
[www.cvent.com/en/cvent-news-and-press-releases.html]
[www.cvent.com/en/product-terms-of-use.html]
[www.cvent.com/personal-data-requests87af.html]
[www.cvent.com/sites/default/files/js/js_xbypOyi0-EcMiv9VeFDxvvpnjq6gsZk5_6dZbEb2S30.js]
[static.addtoany.com/menu/page.js]
[play.vidyard.com/v1/progress-events.js]
[www.cvent.com/sites/default/files/js/js_j6b3a_8YI4xkjD5e5LLIZ7X9uC3QWlgG1wxGAxfdK8g.js]
[www.cvent.com/sites/default/files/js/js_tJwQX8gwItmQimYSj_3dVTpWTGb-cqqPGw9UwlKiQa8.js]
[app.cdn.lookbookhq.com/libraries/overlay/overlay.js]
[play.vidyard.com/embed/v4.js]
[www.cvent.com/sites/default/files/js/js_Vrwoevsixfb21lqovkej_Zix7lzBoNr0TJ-xsevEa7I.js]
[www.cvent.com/modules/custom/cvent_custom_scripts/js/marketo-rtp2013.js]
[www.cvent.com/modules/custom/cvent_custom_scripts/js/pathfactoryc967.js]
[www.cvent.com/sites/default/files/js/js_HE_Qw6Ywj0V4BoFLWjm9I_ou5b24C1xTOLcuqaW8oL4.js]
[www.cvent.com/index.html]
[assets.adobedtm.com/f7740e1036fc/4cf0f823d8af/launch-625595ac1b15.min.js]
[assets.adobedtm.com/f7740e1036fc/9aefb06c4c4f/launch-eecb7bc0d57e.min.js]
[www.cvent.com/Redirection=false;domain=.cvent.com;path=/index.html]
[www.cvent.com/marketing/index.html]
[www.cvent.com/de/event-marketing-management/solutions.html]
[www.cvent.com/de/event-marketing-management/losungen-fur-praesenzveranstaltungen.html]
[www.cvent.com/de/event-marketing-und-management/erfolgreichere-hybride-meetings-und-events.html]
[www.cvent.com/de/event-marketing-management/virtuelle-und-online-event-loesungen.html]
[www.cvent.com/de/event-marketing-management/webinar-plattform.html]
[www.cvent.com/de/loesungen-fuer-events/konferenz-manager.html]
[www.cvent.com/de/loesungen-fuer-events/bildungseinrichtungen.html]
[www.cvent.com/de/loesungen-fuer-events/non-profit.html]
[www.cvent.com/de/loesungen-fuer-events/verband-und-verein.html]
[www.cvent.com/de/partner-werden/agentur.html]
[www.cvent.com/de/loesungen-fuer-events/travel-manager.html]
[www.cvent.com/de/produktuebersicht.html]
[www.cvent.com/de/event-marketing-management.html]
[www.cvent.com/de/event-marketing-management/teilnehmerengagement.html]
[www.cvent.com/de/event-marketing-management/attendee-hub.html]
[www.cvent.com/de/event-marketing-management/cvent-appointments.html]
[www.cvent.com/de/event-management-produkte/vor-ort-loesungen.html]
[www.cvent.com/de/vor-ort-loesungen/event-app.html]
[www.cvent.com/de/event-marketing-management/budget-eventprozesse.html]
[www.cvent.com/de/event-management-produkte/meetings-management.html]
[www.cvent.com/de/event-management-software/budget-management-fuer-events.html]
[www.cvent.com/de/cvent-zugangsportale.html]
[www.cvent.com/de/event-marketing-management/dateneinblicke.html]
[www.cvent.com/de/event-management-software/cvent-integrationen.html]
[www.cvent.com/de/event-marketing-management/online-umfrage-software.html]
[www.cvent.com/de/event-marketing-management/engagement-score.html]
[www.cvent.com/de/event-marketing-management/planung-vermarktung.html]
[www.cvent.com/de/exchange/veranstaltungsorte-finden.html]
[www.cvent.com/de.html]
[www.cvent.com/ae.html]
[www.cvent.com/au.html]
[www.cvent.com/uk.html]
[www.cvent.com/de/event-marketing-management/online-registrierungssoftware-fur-events.html]
[www.cvent.com/sg.html]
[www.cvent.com/in.html]
[www.cvent.com/themes/custom/themekit/css/fonts.css]
[app.cdn.lookbookhq.com/libraries/overlay/overlay.css]
[www.cvent.com/themes/custom/themekit/fonts/icomoon/fonts/icomoon2d9b.html]
[hello.cvent.com/js/forms2/js/forms2.min.js]
[www.cvent.com/themes/custom/themekit/images/favicon/site.html]
[www.cvent.com/themes/custom/themekit/images/favicon/safari-pinned-tab.svg]
[www.cvent.com/sites/default/files/css/css_KwdcNaEPQ7Aran69SVfkKo9vQNnyHaU0Axhz4TwjrZg.css]
[www.cvent.com/sites/default/files/css/css__7vDVGqAwUcPUdAZsr8dVJtT8oyUlY-DyXJiEJZ-wCA.css]
[cdn.bizible.com/scripts/bizible.js]
[www.cvent.com/themes/custom/themekit/logo.svg]
[www.cvent.com/en/event-marketing-management/solutions.html]
[www.cvent.com/en/event-marketing-management/in-person-event-platform.html]
[www.cvent.com/en/event-marketing-management/hybrid-event-platform.html]
[www.cvent.com/en/event-marketing-management/virtual-event-platform.html]
[www.cvent.com/en/event-marketing-management/webinar-platform.html]
[www.cvent.com/en/event-marketing-management/conference-management.html]
[www.cvent.com/en/event-marketing-management/sales-kickoff-events.html]
[www.cvent.com/en/event-marketing-management/trade-show-solutions.html]
[www.cvent.com/en/planner-solutions.html]
[www.cvent.com/en/association-solutions.html]
[www.cvent.com/en/financial-services-solutions.html]
[www.cvent.com/en/education-solutions.html]
[www.cvent.com/en/life-sciences-solutions.html]
[www.cvent.com/en/enterprise/high-tech.html]
[www.cvent.com/en/event-marketing-platform.html]
[www.cvent.com/en/event-management-software.html]
[www.cvent.com/en/travel-manager.html]
[www.cvent.com/en/products.html]
[www.cvent.com/en/event-marketing-management.html]
[www.cvent.com/en/event-marketing-management/plan-promote.html]
[www.cvent.com/en/supplier-network/cvent-supplier-network-planner-overview.html]
[www.cvent.com/en/event-marketing-management/event-registration-software.html]
[www.cvent.com/en/abstract-management-software.html]
[www.cvent.com/en/event-marketing-management/exhibitor-management.html]
[www.cvent.com/en/event-marketing-management/engage.html]
[www.cvent.com/en/event-marketing-management/attendee-hub.html]
[www.cvent.com/en/event-marketing-management/appointments.html]
[www.cvent.com/en/onsite-solutions/mobile-event-apps.html]
[www.cvent.com/en/event-marketing-management/onsite-solutions.html]
[www.cvent.com/en/event-marketing-management/spend-workflow.html]
[www.cvent.com/en/strategic-meetings-management.html]
[www.cvent.com/en/event-management-software/event-budget-management.html]
[www.cvent.com/en/cvent-access-portal.html]
[www.cvent.com/en/event-marketing-management/insights.html]
[www.cvent.com/en/event-management-software/cvent-integrations.html]
[www.cvent.com/en/event-marketing-management/online-survey-software.html]
[www.cvent.com/en/event-marketing-management/engagement-score.html]
[www.cvent.com/en/exchange.html]
[www.cvent.com/en/event-marketing-management/vendor-marketplace.html]
[www.cvent.com/en/event-marketing-management/cvent-event-design-software.html]
[www.cvent.com/en/event-management-software/passkey-room-block-management.html]
[www.cvent.com/en/event-marketing-management/corporate-travel-management.html]
[www.cvent.com/microsites/source-safely/source-safely-resource-hub.html]
[www.cvent.com/en/supplier-venue.html]
[www.cvent.com/en/supplier-venue/group-marketing-solutions.html]
[www.cvent.com/en/supplier-venue/advertising.html]
[www.cvent.com/en/supplier-venue/website-solutions.html]
[www.cvent.com/en/supplier-venue/group-sales-solutions.html]
[www.cvent.com/en/supplier-venue/rfp-management.html]
[www.cvent.com/en/supplier-venue/hotel-business-intelligence.html]
[www.cvent.com/en/supplier-venue/instant-book.html]
[www.cvent.com/en/supplier-venue/group-operations-solutions.html]
[www.cvent.com/en/supplier-venue/event-diagramming-software.html]
[www.cvent.com/en/supplier-venue/passkey.html]
[www.cvent.com/en/supplier-venue/business-travel-solutions.html]
[www.cvent.com/en/supplier-venue/business-transient.html]
[www.cvent.com/en/resourcesd17e.html]
[www.cvent.com/en/hospitality-cloud/cvent-source.html]
[www.cvent.com/en/resources.html]
[www.cvent.com/en/blog.html]
[www.cvent.com/en/case-studies.html]
[www.cvent.com/en/live-events-calendar.html]
[www.cvent.com/en/upcoming-webinars4c40.html]
[www.cvent.com/en/case-studiesbdcd.html]
[www.cvent.com/en/we-heart-cvent-advocates.html]
[www.cvent.com/en/support/event-services.html]
[www.cvent.com/en/academy.html]
[www.cvent.com/en/cvent-certification.html]
[www.cvent.com/en/contact/support.html]
[www.cvent.com/en/supplier-venue/customer-resources.html]
[www.cvent.com/en/cvent-difference.html]
[www.cvent.com/en/company-overview.html]
[www.cvent.com/en/contact-us.html]
[www.cvent.com/en/become-partner.html]
[www.cvent.com/en/security.html]
[www.cvent.com/en/request-demo.html]
[www.cvent.com/venues.html]
[www.cvent.com/en/event-marketing-management/virtual-event-platform-archive.html]
[www.cvent.com/en/event-marketing-management/hybrid-event-platform-archived.html]
[www.cvent.com/en/corporate-solutions.html]
[www.cvent.com/en/government-solutions.html]
[www.cvent.com/en/non-profit-solutions.html]
[www.cvent.com/microsites/source-safely/index.html]
[www.cvent.com/en/enterprise.html]
[www.cvent.com/en/meetthemoment.html]
[www.cvent.com/en/supplier-venue/general-manager.html]
[www.cvent.com/en/supplier-venue/operations-director.html]
[www.cvent.com/en/supplier-venue/ownership-group-executive.html]
[www.cvent.com/en/supplier-venue/marketing-director.html]
[www.cvent.com/en/supplier-venue/revenue-management-director.html]
[www.cvent.com/en/supplier-venue/sales-marketing-director.html]
[www.cvent.com/en/supplier-venue/cvb-dmo-executive.html]
[www.cvent.com/en/supplier-venue/event-venue-technology.html]
[www.cvent.com/en/supplier-venue/hotel-management-company-executive.html]
[www.cvent.com/en/group-solutions-hotels.html]
[www.cvent.com/en/our-customers.html]
[www.cvent.com/en/event-marketing-management/onarrival-event-check-in-software.html]
[www.cvent.com/en/success-story/event-cloud/siemens.html]
[www.cvent.com/en/success-story/olympus-corporation-americas.html]
[www.cvent.com/en/success-story/kaiser-permanente.html]
[www.cvent.com/en/success-story/event-cloud/bbyo.html]
[www.cvent.com/en/success-story/event-cloud/fis.html]
[www.cvent.com/en/cvent-connect-on-demand-sessions.html]
[www.cvent.com/en/blog/events/virtual-events.html]
[www.cvent.com/en/blog/events/hybrid-events-what-you-need-know.html]
[www.cvent.com/en/event-management-software/free-trial.html]
[www.cvent.com/en/privacy-policy.html]
[www.cvent.com/en/get-in-touch-thank-you.html]
[www.cvent.com/en/podcast.html]
[www.cvent.com/en/accessibility.html]
[www.cvent.com/en/awards.html]
[www.cvent.com/en/company/legal.html]
[www.cvent.com/en/management-team.html]
[www.cvent.com/en/cvent-news-and-press-releases.html]
[www.cvent.com/en/product-terms-of-use.html]
[www.cvent.com/personal-data-requests87af.html]
[www.cvent.com/Redirection=false;domain=.cvent.com;path=/index.html]
[www.cvent.com/marketing/index.html]
[assets.adobedtm.com/f7740e1036fc/9aefb06c4c4f/launch-eecb7bc0d57e.min.js]
[www.cvent.com/au/index.html]
[www.cvent.com/uk/index.html]
[www.cvent.com/in/index.html]
[www.cvent.com/sg/index.html]
[www.cvent.com/de/event-marketing-management/solutions.html]
[www.cvent.com/de/event-marketing-management/losungen-fur-praesenzveranstaltungen.html]
[www.cvent.com/de/event-marketing-und-management/erfolgreichere-hybride-meetings-und-events.html]
[www.cvent.com/de/event-marketing-management/virtuelle-und-online-event-loesungen.html]
[www.cvent.com/de/event-marketing-management/webinar-plattform.html]
